activex.dcu
actnlist.dcu
areaedit.dcu
arrowcha.dcu
arrowedi.dcu
axctrls.dcu
axisincr.dcu
axmaxmin.dcu
baredit.dcu
bde.dcu
bdeconst.dcu
bdemts.dcu
bdeprov.dcu
bismtp.dcu
brushdlg.dcu
bubblech.dcu
bubbledi.dcu
buttons.dcu
calendar.dcu
cgiapp.dcu
chart.dcu
checklst.dcu
classes.dcu
clipbrd.dcu
colorgrd.dcu
comconst.dcu
comcorba.dcu
comctrls.dcu
commctrl.dcu
commdlg.dcu
comobj.dcu
comserv.dcu
comstrs.dcu
consts.dcu
controls.dcu
copyprsr.dcu
corbacon.dcu
corbaobj.dcu
corbardm.dcu
corbastd.dcu
corbavcl.dcu
corbcnst.dcu
corbinit.dcu
cpl.dcu
custedit.dcu
databkr.dcu
db.dcu
dbactns.dcu
dbcgrids.dcu
dbchart.dcu
dbclient.dcu
dbcommon.dcu
dbconsts.dcu
dbctrls.dcu
dbeditch.dcu
dbexcept.dcu
dbgrids.dcu
dbinpreq.dcu
dblogdlg.dcu
dblookup.dcu
dbolectl.dcu
dbpwdlg.dcu
dbtables.dcu
dbweb.dcu
ddeman.dcu
ddeml.dcu
dialogs.dcu
diroutln.dcu
dlgs.dcu
drintf.dcu
drtable.dcu
dsgnintf.dcu
dsgnwnds.dcu
dsintf.dcu
dsndbcst.dcu
dsprod.dcu
editchar.dcu
editintf.dcu
exptintf.dcu
extctrls.dcu
extdlgs.dcu
filectrl.dcu
fileintf.dcu
flatsb.dcu
flineedi.dcu
forms.dcu
ganttch.dcu
ganttedi.dcu
gauges.dcu
graphics.dcu
grids.dcu
httpapp.dcu
ibconst.dcu
ibctrls.dcu
ibevnts.dcu
ibproc32.dcu
ieditcha.dcu
imagehlp.dcu
imglist.dcu
imm.dcu
inifiles.dcu
isapi.dcu
isapi2.dcu
isapiapp.dcu
isp3.dcu
istreams.dcu
jconsts.dcu
jpeg.dcu
libhelp.dcu
lzexpand.dcu
mapi.dcu
mask.dcu
masks.dcu
math.dcu
mconnect.dcu
menus.dcu
messages.dcu
midascon.dcu
midconst.dcu
mmsystem.dcu
mplayer.dcu
msrvr.dcu
mtsobj.dcu
mtsrdm.dcu
mtx.dcu
multimon.dcu
mxarrays.dcu
mxbutton.dcu
mxcommon.dcu
mxconsts.dcu
mxdb.dcu
mxdcube.dcu
mxdsql.dcu
mxgraph.dcu
mxgrid.dcu
mxpbar.dcu
mxpivsrc.dcu
mxqedcom.dcu
mxqparse.dcu
mxstore.dcu
mxtables.dcu
nb30.dcu
nmconst.dcu
nmdaytim.dcu
nmecho.dcu
nmextstr.dcu
nmfngr.dcu
nmftp.dcu
nmhtml.dcu
nmhttp.dcu
nmmsg.dcu
nmnntp.dcu
nmpop3.dcu
nmsmtp.dcu
nmstrm.dcu
nmtime.dcu
nmudp.dcu
nmurl.dcu
nmuue.dcu
ns30fix.dcu
ns35fix.dcu
nsapi.dcu
objbrkr.dcu
ocxreg.dcu
oleconst.dcu
olectnrs.dcu
olectrls.dcu
oledlg.dcu
opengl.dcu
oracle.dcu
oracleci.dcu
oracledata.dcu
oracledesign.dcu
oracleexplorer.dcu
oraclelogon.dcu
oraclenavigator.dcu
oracleprovider.dcu
oracleqbeedit.dcu
oracleseqfldedit.dcu
oraclesqledit.dcu
oracletypes.dcu
oraclevaredit.dcu
orbpas.dcu
outline.dcu
pendlg.dcu
penwin.dcu
picedit.dcu
pieedit.dcu
printers.dcu
provider.dcu
proxies.dcu
psapi.dcu
psock.dcu
qr3const.dcu
qrabout.dcu
qrcomped.dcu
qrctrls.dcu
qrenved.dcu
qrexpbld.dcu
qrexport.dcu
qrexpr.dcu
qrextra.dcu
qrlabled.dcu
qrprev.dcu
qrprgres.dcu
qrprnsu.dcu
qrprntr.dcu
qrtee.dcu
quickrpt.dcu
registry.dcu
regstr.dcu
richedit.dcu
scktcomp.dcu
sconnect.dcu
series.dcu
shapeedi.dcu
sharemem.dcu
shellapi.dcu
shlobj.dcu
smconsts.dcu
smintf.dcu
spin.dcu
stdactns.dcu
stdctrls.dcu
stdvcl.dcu
svcmgr.dcu
syncobjs.dcu
sysconst.dcu
sysinit.dcu
system.dcu
sysutils.dcu
tabnotbk.dcu
tabs.dcu
tecanvas.dcu
teeabout.dcu
teeconst.dcu
teefunci.dcu
teegally.dcu
teelisb.dcu
teengine.dcu
teeprevi.dcu
teeprocs.dcu
teeshape.dcu
teexport.dcu
tlhelp32.dcu
toolintf.dcu
toolwin.dcu
typinfo.dcu
urlmon.dcu
vclcom.dcu
virtintf.dcu
webconst.dcu
windows.dcu
wininet.dcu
winsock.dcu
winspool.dcu
winsvc.dcu
ole2.dcu
oleauto.dcu
olectl.dcu
report.dcu
rsconsts.dcu